2026-07-06T09:52:09+02:00 RAW: {"code":"918122","mac":"96:49:fd:b3:37:6e","ap":"78:45:58:70:f9:f0","ssid":"DDC Free Wifi"}
2026-07-06T09:52:09+02:00 CONTENT-TYPE: application/json
2026-07-06T09:52:09+02:00 PARSED: array (
  'code' => '918122',
  'mac' => '96:49:fd:b3:37:6e',
  'ap' => '78:45:58:70:f9:f0',
  'ssid' => 'DDC Free Wifi',
)

2026-07-06T09:52:52+02:00 RAW: 
2026-07-06T09:52:52+02:00 CONTENT-TYPE: none
2026-07-06T09:52:52+02:00 PARSED: NULL

2026-07-06T09:53:11+02:00 RAW: 
2026-07-06T09:53:11+02:00 CONTENT-TYPE: none
2026-07-06T09:53:11+02:00 PARSED: NULL

2026-07-06T09:55:39+02:00 RAW: 
2026-07-06T09:55:39+02:00 CONTENT-TYPE: none
2026-07-06T09:55:39+02:00 PARSED: NULL

2026-07-06T09:56:05+02:00 RAW: 
2026-07-06T09:56:05+02:00 CONTENT-TYPE: none
2026-07-06T09:56:05+02:00 PARSED: NULL

2026-07-06T09:56:19+02:00 RAW: {"code":"911258","mac":"96:49:fd:b3:37:6e","ap":"78:45:58:70:f9:f0","ssid":"DDC Free Wifi"}
2026-07-06T09:56:19+02:00 CONTENT-TYPE: application/json
2026-07-06T09:56:19+02:00 PARSED: array (
  'code' => '911258',
  'mac' => '96:49:fd:b3:37:6e',
  'ap' => '78:45:58:70:f9:f0',
  'ssid' => 'DDC Free Wifi',
)

2026-07-06T09:58:55+02:00 RAW: {"code":"911282","mac":"96:49:fd:b3:37:6e","ap":"78:45:58:70:f9:f0","ssid":"DDC Free Wifi"}
2026-07-06T09:58:55+02:00 CONTENT-TYPE: application/json
2026-07-06T09:58:55+02:00 PARSED: array (
  'code' => '911282',
  'mac' => '96:49:fd:b3:37:6e',
  'ap' => '78:45:58:70:f9:f0',
  'ssid' => 'DDC Free Wifi',
)

2026-07-06T09:59:44+02:00 RAW: {"code":"123456","mac":"96:49:fd:b3:37:6e","ap":"78:45:58:70:f9:f0","ssid":"DDC Free Wifi"}
2026-07-06T09:59:44+02:00 CONTENT-TYPE: application/json
2026-07-06T09:59:44+02:00 PARSED: array (
  'code' => '123456',
  'mac' => '96:49:fd:b3:37:6e',
  'ap' => '78:45:58:70:f9:f0',
  'ssid' => 'DDC Free Wifi',
)

2026-07-06T10:00:43+02:00 RAW: {"code":"123456","mac":"96:49:fd:b3:37:6e","ap":"78:45:58:70:f9:f0","ssid":"DDC Free Wifi"}
2026-07-06T10:00:43+02:00 CONTENT-TYPE: application/json
2026-07-06T10:00:43+02:00 PARSED: array (
  'code' => '123456',
  'mac' => '96:49:fd:b3:37:6e',
  'ap' => '78:45:58:70:f9:f0',
  'ssid' => 'DDC Free Wifi',
)

2026-07-06T10:04:21+02:00 RAW: {"code":"123456OKOK","mac":"96:49:fd:b3:37:6e","ap":"78:45:58:70:f9:f0","ssid":"DDC Free Wifi","site":"default"}
2026-07-06T10:04:21+02:00 CONTENT-TYPE: application/json
2026-07-06T10:04:21+02:00 PARSED: array (
  'code' => '123456OKOK',
  'mac' => '96:49:fd:b3:37:6e',
  'ap' => '78:45:58:70:f9:f0',
  'ssid' => 'DDC Free Wifi',
  'site' => 'default',
)

2026-07-06T10:04:42+02:00 RAW: {"code":"918122OKOK","mac":"96:49:fd:b3:37:6e","ap":"78:45:58:70:f9:f0","ssid":"DDC Free Wifi","site":"default"}
2026-07-06T10:04:42+02:00 CONTENT-TYPE: application/json
2026-07-06T10:04:42+02:00 PARSED: array (
  'code' => '918122OKOK',
  'mac' => '96:49:fd:b3:37:6e',
  'ap' => '78:45:58:70:f9:f0',
  'ssid' => 'DDC Free Wifi',
  'site' => 'default',
)

2026-07-06T10:05:31+02:00 RAW: {"code":"918122OKOK","mac":"96:49:fd:b3:37:6e","ap":"78:45:58:70:f9:f0","ssid":"DDC Free Wifi","site":"default"}
2026-07-06T10:05:31+02:00 CONTENT-TYPE: application/json
2026-07-06T10:05:31+02:00 PARSED: array (
  'code' => '918122OKOK',
  'mac' => '96:49:fd:b3:37:6e',
  'ap' => '78:45:58:70:f9:f0',
  'ssid' => 'DDC Free Wifi',
  'site' => 'default',
)

2026-07-06T10:07:01+02:00 RAW: {"code":"918122","mac":"96:49:fd:b3:37:6e","ap":"78:45:58:70:f9:f0","ssid":"DDC Free Wifi","site":"default"}
2026-07-06T10:07:01+02:00 CONTENT-TYPE: application/json
2026-07-06T10:07:01+02:00 PARSED: array (
  'code' => '918122',
  'mac' => '96:49:fd:b3:37:6e',
  'ap' => '78:45:58:70:f9:f0',
  'ssid' => 'DDC Free Wifi',
  'site' => 'default',
)

2026-07-06T10:07:23+02:00 RAW: {"code":"918122","mac":"96:49:fd:b3:37:6e","ap":"78:45:58:70:f9:f0","ssid":"DDC Free Wifi","site":"default"}
2026-07-06T10:07:23+02:00 CONTENT-TYPE: application/json
2026-07-06T10:07:23+02:00 PARSED: array (
  'code' => '918122',
  'mac' => '96:49:fd:b3:37:6e',
  'ap' => '78:45:58:70:f9:f0',
  'ssid' => 'DDC Free Wifi',
  'site' => 'default',
)

2026-07-06T10:09:11+02:00 RAW: {"code":"918122","mac":"96:49:fd:b3:37:6e","ap":"78:45:58:70:f9:f0","ssid":"DDC Free Wifi","site":"default"}
2026-07-06T10:09:11+02:00 CONTENT-TYPE: application/json
2026-07-06T10:09:11+02:00 PARSED: array (
  'code' => '918122',
  'mac' => '96:49:fd:b3:37:6e',
  'ap' => '78:45:58:70:f9:f0',
  'ssid' => 'DDC Free Wifi',
  'site' => 'default',
)

2026-07-06T10:14:20+02:00 RAW: {"code":"918122","mac":"96:49:fd:b3:37:6e","ap":"78:45:58:70:f9:f0","ssid":"DDC Free Wifi","site":"default"}
2026-07-06T10:14:20+02:00 CONTENT-TYPE: application/json
2026-07-06T10:14:20+02:00 PARSED: array (
  'code' => '918122',
  'mac' => '96:49:fd:b3:37:6e',
  'ap' => '78:45:58:70:f9:f0',
  'ssid' => 'DDC Free Wifi',
  'site' => 'default',
)

2026-07-06T10:15:19+02:00 RAW: {"code":"918122","mac":"96:49:fd:b3:37:6e","ap":"78:45:58:70:f9:f0","ssid":"DDC Free Wifi","site":"default"}
2026-07-06T10:15:19+02:00 CONTENT-TYPE: application/json
2026-07-06T10:15:19+02:00 PARSED: array (
  'code' => '918122',
  'mac' => '96:49:fd:b3:37:6e',
  'ap' => '78:45:58:70:f9:f0',
  'ssid' => 'DDC Free Wifi',
  'site' => 'default',
)

2026-07-06T10:16:13+02:00 RAW: {"code":"918122","mac":"96:49:fd:b3:37:6e","ap":"78:45:58:70:f9:f0","ssid":"DDC Free Wifi","site":"default"}
2026-07-06T10:16:13+02:00 CONTENT-TYPE: application/json
2026-07-06T10:16:13+02:00 PARSED: array (
  'code' => '918122',
  'mac' => '96:49:fd:b3:37:6e',
  'ap' => '78:45:58:70:f9:f0',
  'ssid' => 'DDC Free Wifi',
  'site' => 'default',
)

2026-07-06T10:16:50+02:00 RAW: {"code":"918122","mac":"96:49:fd:b3:37:6e","ap":"78:45:58:70:f9:f0","ssid":"DDC Free Wifi","site":"default"}
2026-07-06T10:16:50+02:00 CONTENT-TYPE: application/json
2026-07-06T10:16:50+02:00 PARSED: array (
  'code' => '918122',
  'mac' => '96:49:fd:b3:37:6e',
  'ap' => '78:45:58:70:f9:f0',
  'ssid' => 'DDC Free Wifi',
  'site' => 'default',
)

2026-07-06T10:17:35+02:00 RAW: {"code":"918122","mac":"96:49:fd:b3:37:6e","ap":"78:45:58:70:f9:f0","ssid":"DDC Free Wifi","site":"default"}
2026-07-06T10:17:35+02:00 CONTENT-TYPE: application/json
2026-07-06T10:17:35+02:00 PARSED: array (
  'code' => '918122',
  'mac' => '96:49:fd:b3:37:6e',
  'ap' => '78:45:58:70:f9:f0',
  'ssid' => 'DDC Free Wifi',
  'site' => 'default',
)

2026-07-06T10:17:54+02:00 RAW: {"code":"918122","mac":"96:49:fd:b3:37:6e","ap":"78:45:58:70:f9:f0","ssid":"DDC Free Wifi","site":"default"}
2026-07-06T10:17:54+02:00 CONTENT-TYPE: application/json
2026-07-06T10:17:54+02:00 PARSED: array (
  'code' => '918122',
  'mac' => '96:49:fd:b3:37:6e',
  'ap' => '78:45:58:70:f9:f0',
  'ssid' => 'DDC Free Wifi',
  'site' => 'default',
)

2026-07-06T10:19:56+02:00 RAW: {"code":"918122","mac":"96:49:fd:b3:37:6e","ap":"78:45:58:70:f9:f0","ssid":"DDC Free Wifi","site":"default"}
2026-07-06T10:19:56+02:00 CONTENT-TYPE: application/json
2026-07-06T10:19:56+02:00 PARSED: array (
  'code' => '918122',
  'mac' => '96:49:fd:b3:37:6e',
  'ap' => '78:45:58:70:f9:f0',
  'ssid' => 'DDC Free Wifi',
  'site' => 'default',
)

2026-07-06T10:20:58+02:00 RAW: {"code":"918122","mac":"96:49:fd:b3:37:6e","ap":"78:45:58:70:f9:f0","ssid":"DDC Free Wifi","site":"default"}
2026-07-06T10:20:58+02:00 CONTENT-TYPE: application/json
2026-07-06T10:20:58+02:00 PARSED: array (
  'code' => '918122',
  'mac' => '96:49:fd:b3:37:6e',
  'ap' => '78:45:58:70:f9:f0',
  'ssid' => 'DDC Free Wifi',
  'site' => 'default',
)

2026-07-06T10:21:36+02:00 RAW: {"code":"919122","mac":"96:49:fd:b3:37:6e","ap":"78:45:58:70:f9:f0","ssid":"DDC Free Wifi","site":"default"}
2026-07-06T10:21:36+02:00 CONTENT-TYPE: application/json
2026-07-06T10:21:36+02:00 PARSED: array (
  'code' => '919122',
  'mac' => '96:49:fd:b3:37:6e',
  'ap' => '78:45:58:70:f9:f0',
  'ssid' => 'DDC Free Wifi',
  'site' => 'default',
)

2026-07-06T10:21:43+02:00 RAW: {"code":"918122","mac":"96:49:fd:b3:37:6e","ap":"78:45:58:70:f9:f0","ssid":"DDC Free Wifi","site":"default"}
2026-07-06T10:21:43+02:00 CONTENT-TYPE: application/json
2026-07-06T10:21:43+02:00 PARSED: array (
  'code' => '918122',
  'mac' => '96:49:fd:b3:37:6e',
  'ap' => '78:45:58:70:f9:f0',
  'ssid' => 'DDC Free Wifi',
  'site' => 'default',
)

2026-07-06T10:21:48+02:00 RAW: {"code":"918122","mac":"96:49:fd:b3:37:6e","ap":"78:45:58:70:f9:f0","ssid":"DDC Free Wifi","site":"default"}
2026-07-06T10:21:48+02:00 CONTENT-TYPE: application/json
2026-07-06T10:21:48+02:00 PARSED: array (
  'code' => '918122',
  'mac' => '96:49:fd:b3:37:6e',
  'ap' => '78:45:58:70:f9:f0',
  'ssid' => 'DDC Free Wifi',
  'site' => 'default',
)

2026-07-06T10:22:11+02:00 RAW: {"code":"918122","mac":"96:49:fd:b3:37:6e","ap":"78:45:58:70:f9:f0","ssid":"DDC Free Wifi","site":"default"}
2026-07-06T10:22:11+02:00 CONTENT-TYPE: application/json
2026-07-06T10:22:11+02:00 PARSED: array (
  'code' => '918122',
  'mac' => '96:49:fd:b3:37:6e',
  'ap' => '78:45:58:70:f9:f0',
  'ssid' => 'DDC Free Wifi',
  'site' => 'default',
)

2026-07-06T10:24:06+02:00 RAW: {"code":"918122","mac":"96:49:fd:b3:37:6e","ap":"78:45:58:70:f9:f0","ssid":"DDC Free Wifi","site":"default"}
2026-07-06T10:24:06+02:00 CONTENT-TYPE: application/json
2026-07-06T10:24:06+02:00 PARSED: array (
  'code' => '918122',
  'mac' => '96:49:fd:b3:37:6e',
  'ap' => '78:45:58:70:f9:f0',
  'ssid' => 'DDC Free Wifi',
  'site' => 'default',
)

2026-07-06T10:24:42+02:00 RAW: {"code":"918122","mac":"96:49:fd:b3:37:6e","ap":"78:45:58:70:f9:f0","ssid":"DDC Free Wifi","site":"default"}
2026-07-06T10:24:42+02:00 CONTENT-TYPE: application/json
2026-07-06T10:24:42+02:00 PARSED: array (
  'code' => '918122',
  'mac' => '96:49:fd:b3:37:6e',
  'ap' => '78:45:58:70:f9:f0',
  'ssid' => 'DDC Free Wifi',
  'site' => 'default',
)

